{"level":"info","message":"✅ Ligado com sucesso ao MongoDB Atlas!","timestamp":"2026-06-03 14:41:14"}
{"level":"info","message":"::ffff:127.0.0.1 - - [03/Jun/2026:13:41:14 +0000] \"POST /api/auth/register HTTP/1.1\" 201 39 \"-\" \"-\"","timestamp":"2026-06-03 14:41:14"}
{"isOperational":true,"level":"error","message":"POST /api/auth/register - Status: 400 Este utilizador ou email já existe!","stack":"Error: Este utilizador ou email já existe!\n    at exports.register (C:\\Users\\migue\\Desktop\\teste\\backend\\src\\controllers\\auth\\registerController.js:12:13)\n    at processTicksAndRejections (node:internal/process/task_queues:104:5)","statusCode":400,"timestamp":"2026-06-03 14:41:14"}
{"level":"info","message":"::ffff:127.0.0.1 - - [03/Jun/2026:13:41:14 +0000] \"POST /api/auth/register HTTP/1.1\" 400 48 \"-\" \"-\"","timestamp":"2026-06-03 14:41:14"}
{"level":"info","message":"::ffff:127.0.0.1 - - [03/Jun/2026:13:41:14 +0000] \"POST /api/auth/login HTTP/1.1\" 200 353 \"-\" \"-\"","timestamp":"2026-06-03 14:41:14"}
{"isOperational":true,"level":"error","message":"POST /api/auth/login - Status: 400 Password incorreta!","stack":"Error: Password incorreta!\n    at exports.login (C:\\Users\\migue\\Desktop\\teste\\backend\\src\\controllers\\auth\\loginController.js:21:13)\n    at processTicksAndRejections (node:internal/process/task_queues:104:5)","statusCode":400,"timestamp":"2026-06-03 14:41:14"}
{"level":"info","message":"::ffff:127.0.0.1 - - [03/Jun/2026:13:41:14 +0000] \"POST /api/auth/login HTTP/1.1\" 400 31 \"-\" \"-\"","timestamp":"2026-06-03 14:41:14"}
{"level":"info","message":"✅ Ligado com sucesso ao MongoDB Atlas!","timestamp":"2026-06-03 14:41:54"}
{"level":"info","message":"::ffff:127.0.0.1 - - [03/Jun/2026:13:41:54 +0000] \"POST /api/auth/register HTTP/1.1\" 201 39 \"-\" \"-\"","timestamp":"2026-06-03 14:41:54"}
{"isOperational":true,"level":"error","message":"POST /api/auth/register - Status: 400 Este utilizador ou email já existe!","stack":"Error: Este utilizador ou email já existe!\n    at exports.register (C:\\Users\\migue\\Desktop\\teste\\backend\\src\\controllers\\auth\\registerController.js:12:13)\n    at processTicksAndRejections (node:internal/process/task_queues:104:5)","statusCode":400,"timestamp":"2026-06-03 14:41:54"}
{"level":"info","message":"::ffff:127.0.0.1 - - [03/Jun/2026:13:41:54 +0000] \"POST /api/auth/register HTTP/1.1\" 400 48 \"-\" \"-\"","timestamp":"2026-06-03 14:41:54"}
{"level":"info","message":"::ffff:127.0.0.1 - - [03/Jun/2026:13:41:54 +0000] \"POST /api/auth/login HTTP/1.1\" 200 353 \"-\" \"-\"","timestamp":"2026-06-03 14:41:54"}
{"isOperational":true,"level":"error","message":"POST /api/auth/login - Status: 400 Password incorreta!","stack":"Error: Password incorreta!\n    at exports.login (C:\\Users\\migue\\Desktop\\teste\\backend\\src\\controllers\\auth\\loginController.js:21:13)\n    at processTicksAndRejections (node:internal/process/task_queues:104:5)","statusCode":400,"timestamp":"2026-06-03 14:41:54"}
{"level":"info","message":"::ffff:127.0.0.1 - - [03/Jun/2026:13:41:54 +0000] \"POST /api/auth/login HTTP/1.1\" 400 31 \"-\" \"-\"","timestamp":"2026-06-03 14:41:54"}
{"level":"info","message":"🚀 Servidor a correr na porta 5000","timestamp":"2026-06-03 14:44:26"}
{"level":"info","message":"✅ Ligado com sucesso ao MongoDB Atlas!","timestamp":"2026-06-03 14:44:26"}
{"level":"info","message":"2001:818:c26e:7f00:fe8f:18ab:d6f5:1b04 - - [03/Jun/2026:13:44:42 +0000] \"GET / HTTP/1.1\" 200 471 \"-\" \"Mozilla/5.0 (Windows NT 10.0; Win64; x64; rv:151.0) Gecko/20100101 Firefox/151.0\"","timestamp":"2026-06-03 14:44:42"}
{"level":"info","message":"2001:818:c26e:7f00:fe8f:18ab:d6f5:1b04 - - [03/Jun/2026:13:44:43 +0000] \"GET /assets/index-Dw4vD7LN.js HTTP/1.1\" 200 291880 \"-\" \"Mozilla/5.0 (Windows NT 10.0; Win64; x64; rv:151.0) Gecko/20100101 Firefox/151.0\"","timestamp":"2026-06-03 14:44:43"}
{"level":"info","message":"2001:818:c26e:7f00:fe8f:18ab:d6f5:1b04 - - [03/Jun/2026:13:44:43 +0000] \"GET /assets/index-HiPogq7r.css HTTP/1.1\" 200 14268 \"-\" \"Mozilla/5.0 (Windows NT 10.0; Win64; x64; rv:151.0) Gecko/20100101 Firefox/151.0\"","timestamp":"2026-06-03 14:44:43"}
{"level":"info","message":"2001:818:c26e:7f00:fe8f:18ab:d6f5:1b04 - - [03/Jun/2026:13:44:43 +0000] \"GET /assets/Login-DFJDPcBy.js HTTP/1.1\" 200 5415 \"-\" \"Mozilla/5.0 (Windows NT 10.0; Win64; x64; rv:151.0) Gecko/20100101 Firefox/151.0\"","timestamp":"2026-06-03 14:44:43"}
{"level":"info","message":"2001:818:c26e:7f00:fe8f:18ab:d6f5:1b04 - - [03/Jun/2026:13:44:43 +0000] \"GET /assets/AuthInput-D_O33O7U.js HTTP/1.1\" 200 894 \"-\" \"Mozilla/5.0 (Windows NT 10.0; Win64; x64; rv:151.0) Gecko/20100101 Firefox/151.0\"","timestamp":"2026-06-03 14:44:43"}
{"level":"info","message":"2001:818:c26e:7f00:fe8f:18ab:d6f5:1b04 - - [03/Jun/2026:13:44:43 +0000] \"GET /api/tabs HTTP/1.1\" 304 - \"-\" \"Mozilla/5.0 (Windows NT 10.0; Win64; x64; rv:151.0) Gecko/20100101 Firefox/151.0\"","timestamp":"2026-06-03 14:44:43"}
{"level":"info","message":"2001:818:c26e:7f00:fe8f:18ab:d6f5:1b04 - - [03/Jun/2026:13:44:44 +0000] \"GET /assets/Dashboard-BB-IMsTp.js HTTP/1.1\" 200 15419 \"-\" \"Mozilla/5.0 (Windows NT 10.0; Win64; x64; rv:151.0) Gecko/20100101 Firefox/151.0\"","timestamp":"2026-06-03 14:44:44"}
{"level":"info","message":"2001:818:c26e:7f00:fe8f:18ab:d6f5:1b04 - - [03/Jun/2026:13:44:44 +0000] \"GET /assets/eventService-CFV5PneQ.js HTTP/1.1\" 200 199 \"-\" \"Mozilla/5.0 (Windows NT 10.0; Win64; x64; rv:151.0) Gecko/20100101 Firefox/151.0\"","timestamp":"2026-06-03 14:44:44"}
{"level":"info","message":"2001:818:c26e:7f00:fe8f:18ab:d6f5:1b04 - - [03/Jun/2026:13:44:44 +0000] \"GET /assets/Dashboard-B9OkCrk9.css HTTP/1.1\" 200 3328 \"-\" \"Mozilla/5.0 (Windows NT 10.0; Win64; x64; rv:151.0) Gecko/20100101 Firefox/151.0\"","timestamp":"2026-06-03 14:44:44"}
{"level":"info","message":"2001:818:c26e:7f00:fe8f:18ab:d6f5:1b04 - - [03/Jun/2026:13:44:44 +0000] \"GET /assets/dateFormatter-ZjPiROKh.js HTTP/1.1\" 200 379 \"-\" \"Mozilla/5.0 (Windows NT 10.0; Win64; x64; rv:151.0) Gecko/20100101 Firefox/151.0\"","timestamp":"2026-06-03 14:44:44"}
{"level":"info","message":"2001:818:c26e:7f00:fe8f:18ab:d6f5:1b04 - - [03/Jun/2026:13:44:44 +0000] \"GET /api/events HTTP/1.1\" 304 - \"-\" \"Mozilla/5.0 (Windows NT 10.0; Win64; x64; rv:151.0) Gecko/20100101 Firefox/151.0\"","timestamp":"2026-06-03 14:44:44"}
{"level":"info","message":"2001:818:c26e:7f00:fe8f:18ab:d6f5:1b04 - - [03/Jun/2026:13:44:44 +0000] \"GET /api/auth/couple-info HTTP/1.1\" 304 - \"-\" \"Mozilla/5.0 (Windows NT 10.0; Win64; x64; rv:151.0) Gecko/20100101 Firefox/151.0\"","timestamp":"2026-06-03 14:44:44"}
{"level":"info","message":"2001:818:c26e:7f00:fe8f:18ab:d6f5:1b04 - - [03/Jun/2026:13:44:44 +0000] \"GET /api/auth/couple-info HTTP/1.1\" 304 - \"-\" \"Mozilla/5.0 (Windows NT 10.0; Win64; x64; rv:151.0) Gecko/20100101 Firefox/151.0\"","timestamp":"2026-06-03 14:44:44"}
{"level":"info","message":"2001:818:c26e:7f00:fe8f:18ab:d6f5:1b04 - - [03/Jun/2026:13:44:54 +0000] \"POST /api/auth/mood HTTP/1.1\" 200 105 \"-\" \"Mozilla/5.0 (Windows NT 10.0; Win64; x64; rv:151.0) Gecko/20100101 Firefox/151.0\"","timestamp":"2026-06-03 14:44:54"}
{"level":"info","message":"2001:818:c26e:7f00:fe8f:18ab:d6f5:1b04 - - [03/Jun/2026:13:44:54 +0000] \"GET /api/auth/couple-info HTTP/1.1\" 200 340 \"-\" \"Mozilla/5.0 (Windows NT 10.0; Win64; x64; rv:151.0) Gecko/20100101 Firefox/151.0\"","timestamp":"2026-06-03 14:44:54"}
{"level":"info","message":"2001:818:c26e:7f00:fe8f:18ab:d6f5:1b04 - - [03/Jun/2026:13:44:55 +0000] \"POST /api/auth/mood HTTP/1.1\" 200 105 \"-\" \"Mozilla/5.0 (Windows NT 10.0; Win64; x64; rv:151.0) Gecko/20100101 Firefox/151.0\"","timestamp":"2026-06-03 14:44:55"}
{"level":"info","message":"2001:818:c26e:7f00:fe8f:18ab:d6f5:1b04 - - [03/Jun/2026:13:44:55 +0000] \"GET /api/auth/couple-info HTTP/1.1\" 200 340 \"-\" \"Mozilla/5.0 (Windows NT 10.0; Win64; x64; rv:151.0) Gecko/20100101 Firefox/151.0\"","timestamp":"2026-06-03 14:44:55"}
{"level":"info","message":"2001:818:c26e:7f00:fe8f:18ab:d6f5:1b04 - - [03/Jun/2026:13:44:56 +0000] \"POST /api/auth/mood HTTP/1.1\" 200 105 \"-\" \"Mozilla/5.0 (Windows NT 10.0; Win64; x64; rv:151.0) Gecko/20100101 Firefox/151.0\"","timestamp":"2026-06-03 14:44:56"}
{"level":"info","message":"2001:818:c26e:7f00:fe8f:18ab:d6f5:1b04 - - [03/Jun/2026:13:44:56 +0000] \"GET /api/auth/couple-info HTTP/1.1\" 200 340 \"-\" \"Mozilla/5.0 (Windows NT 10.0; Win64; x64; rv:151.0) Gecko/20100101 Firefox/151.0\"","timestamp":"2026-06-03 14:44:56"}
{"level":"info","message":"2001:818:c26e:7f00:fe8f:18ab:d6f5:1b04 - - [03/Jun/2026:13:44:56 +0000] \"POST /api/auth/mood HTTP/1.1\" 200 105 \"-\" \"Mozilla/5.0 (Windows NT 10.0; Win64; x64; rv:151.0) Gecko/20100101 Firefox/151.0\"","timestamp":"2026-06-03 14:44:56"}
{"level":"info","message":"2001:818:c26e:7f00:fe8f:18ab:d6f5:1b04 - - [03/Jun/2026:13:44:57 +0000] \"GET /api/auth/couple-info HTTP/1.1\" 200 340 \"-\" \"Mozilla/5.0 (Windows NT 10.0; Win64; x64; rv:151.0) Gecko/20100101 Firefox/151.0\"","timestamp":"2026-06-03 14:44:57"}
{"level":"info","message":"2001:818:c26e:7f00:fe8f:18ab:d6f5:1b04 - - [03/Jun/2026:13:45:28 +0000] \"POST /api/auth/couple-info HTTP/1.1\" 200 248 \"-\" \"Mozilla/5.0 (Windows NT 10.0; Win64; x64; rv:151.0) Gecko/20100101 Firefox/151.0\"","timestamp":"2026-06-03 14:45:28"}
{"level":"info","message":"2001:818:c26e:7f00:fe8f:18ab:d6f5:1b04 - - [03/Jun/2026:13:45:29 +0000] \"GET /api/auth/couple-info HTTP/1.1\" 200 343 \"-\" \"Mozilla/5.0 (Windows NT 10.0; Win64; x64; rv:151.0) Gecko/20100101 Firefox/151.0\"","timestamp":"2026-06-03 14:45:29"}
{"level":"info","message":"2001:818:c26e:7f00:fe8f:18ab:d6f5:1b04 - - [03/Jun/2026:13:45:29 +0000] \"GET /api/auth/couple-info HTTP/1.1\" 304 - \"-\" \"Mozilla/5.0 (Windows NT 10.0; Win64; x64; rv:151.0) Gecko/20100101 Firefox/151.0\"","timestamp":"2026-06-03 14:45:29"}
{"level":"info","message":"2001:818:c26e:7f00:fe8f:18ab:d6f5:1b04 - - [03/Jun/2026:13:45:53 +0000] \"GET /assets/Mensagens-Cxuee7l8.js HTTP/1.1\" 200 6266 \"-\" \"Mozilla/5.0 (Windows NT 10.0; Win64; x64; rv:151.0) Gecko/20100101 Firefox/151.0\"","timestamp":"2026-06-03 14:45:53"}
{"level":"info","message":"2001:818:c26e:7f00:fe8f:18ab:d6f5:1b04 - - [03/Jun/2026:13:45:53 +0000] \"GET /assets/Mensagens-D1w1FDOF.css HTTP/1.1\" 200 3418 \"-\" \"Mozilla/5.0 (Windows NT 10.0; Win64; x64; rv:151.0) Gecko/20100101 Firefox/151.0\"","timestamp":"2026-06-03 14:45:53"}
{"level":"info","message":"2001:818:c26e:7f00:fe8f:18ab:d6f5:1b04 - - [03/Jun/2026:13:45:53 +0000] \"GET /api/messages HTTP/1.1\" 304 - \"-\" \"Mozilla/5.0 (Windows NT 10.0; Win64; x64; rv:151.0) Gecko/20100101 Firefox/151.0\"","timestamp":"2026-06-03 14:45:53"}
{"level":"info","message":"2001:818:c26e:7f00:fe8f:18ab:d6f5:1b04 - - [03/Jun/2026:13:45:53 +0000] \"GET /assets/Fotos-5EcQ_hXN.js HTTP/1.1\" 200 14380 \"-\" \"Mozilla/5.0 (Windows NT 10.0; Win64; x64; rv:151.0) Gecko/20100101 Firefox/151.0\"","timestamp":"2026-06-03 14:45:53"}
{"level":"info","message":"2001:818:c26e:7f00:fe8f:18ab:d6f5:1b04 - - [03/Jun/2026:13:45:53 +0000] \"GET /assets/Fotos-CRu4XuQp.css HTTP/1.1\" 200 2036 \"-\" \"Mozilla/5.0 (Windows NT 10.0; Win64; x64; rv:151.0) Gecko/20100101 Firefox/151.0\"","timestamp":"2026-06-03 14:45:53"}
{"level":"info","message":"2001:818:c26e:7f00:fe8f:18ab:d6f5:1b04 - - [03/Jun/2026:13:45:53 +0000] \"GET /assets/fileValidator-B3lpE4ZL.js HTTP/1.1\" 200 82 \"-\" \"Mozilla/5.0 (Windows NT 10.0; Win64; x64; rv:151.0) Gecko/20100101 Firefox/151.0\"","timestamp":"2026-06-03 14:45:53"}
{"level":"info","message":"2001:818:c26e:7f00:fe8f:18ab:d6f5:1b04 - - [03/Jun/2026:13:45:54 +0000] \"GET /api/albums HTTP/1.1\" 304 - \"-\" \"Mozilla/5.0 (Windows NT 10.0; Win64; x64; rv:151.0) Gecko/20100101 Firefox/151.0\"","timestamp":"2026-06-03 14:45:54"}
{"level":"info","message":"2001:818:c26e:7f00:fe8f:18ab:d6f5:1b04 - - [03/Jun/2026:13:45:54 +0000] \"GET /assets/Memorias-BO-V_p7x.js HTTP/1.1\" 200 12183 \"-\" \"Mozilla/5.0 (Windows NT 10.0; Win64; x64; rv:151.0) Gecko/20100101 Firefox/151.0\"","timestamp":"2026-06-03 14:45:54"}
{"level":"info","message":"2001:818:c26e:7f00:fe8f:18ab:d6f5:1b04 - - [03/Jun/2026:13:45:54 +0000] \"GET /assets/Memorias-CcUoCElA.css HTTP/1.1\" 200 1602 \"-\" \"Mozilla/5.0 (Windows NT 10.0; Win64; x64; rv:151.0) Gecko/20100101 Firefox/151.0\"","timestamp":"2026-06-03 14:45:54"}
{"level":"info","message":"2001:818:c26e:7f00:fe8f:18ab:d6f5:1b04 - - [03/Jun/2026:13:45:54 +0000] \"GET /assets/Quizzes-FAQHo8BP.js HTTP/1.1\" 200 19954 \"-\" \"Mozilla/5.0 (Windows NT 10.0; Win64; x64; rv:151.0) Gecko/20100101 Firefox/151.0\"","timestamp":"2026-06-03 14:45:54"}
{"level":"info","message":"2001:818:c26e:7f00:fe8f:18ab:d6f5:1b04 - - [03/Jun/2026:13:45:54 +0000] \"GET /api/memories HTTP/1.1\" 304 - \"-\" \"Mozilla/5.0 (Windows NT 10.0; Win64; x64; rv:151.0) Gecko/20100101 Firefox/151.0\"","timestamp":"2026-06-03 14:45:54"}
{"level":"info","message":"2001:818:c26e:7f00:fe8f:18ab:d6f5:1b04 - - [03/Jun/2026:13:45:54 +0000] \"GET /api/quizzes HTTP/1.1\" 304 - \"-\" \"Mozilla/5.0 (Windows NT 10.0; Win64; x64; rv:151.0) Gecko/20100101 Firefox/151.0\"","timestamp":"2026-06-03 14:45:54"}
{"level":"info","message":"2001:818:c26e:7f00:fe8f:18ab:d6f5:1b04 - - [03/Jun/2026:13:45:55 +0000] \"GET /assets/Calendario-D_ayjqG0.js HTTP/1.1\" 200 8844 \"-\" \"Mozilla/5.0 (Windows NT 10.0; Win64; x64; rv:151.0) Gecko/20100101 Firefox/151.0\"","timestamp":"2026-06-03 14:45:55"}
{"level":"info","message":"2001:818:c26e:7f00:fe8f:18ab:d6f5:1b04 - - [03/Jun/2026:13:45:55 +0000] \"GET /api/events HTTP/1.1\" 304 - \"-\" \"Mozilla/5.0 (Windows NT 10.0; Win64; x64; rv:151.0) Gecko/20100101 Firefox/151.0\"","timestamp":"2026-06-03 14:45:55"}
{"level":"info","message":"2001:818:c26e:7f00:fe8f:18ab:d6f5:1b04 - - [03/Jun/2026:13:45:55 +0000] \"GET /assets/Raspadinhas-lFkB54Lc.js HTTP/1.1\" 200 11949 \"-\" \"Mozilla/5.0 (Windows NT 10.0; Win64; x64; rv:151.0) Gecko/20100101 Firefox/151.0\"","timestamp":"2026-06-03 14:45:55"}
{"level":"info","message":"2001:818:c26e:7f00:fe8f:18ab:d6f5:1b04 - - [03/Jun/2026:13:45:55 +0000] \"GET /assets/funService-D2np77vb.js HTTP/1.1\" 200 804 \"-\" \"Mozilla/5.0 (Windows NT 10.0; Win64; x64; rv:151.0) Gecko/20100101 Firefox/151.0\"","timestamp":"2026-06-03 14:45:55"}
{"level":"info","message":"2001:818:c26e:7f00:fe8f:18ab:d6f5:1b04 - - [03/Jun/2026:13:45:55 +0000] \"GET /assets/Raspadinhas-BsfkdYfW.css HTTP/1.1\" 200 6514 \"-\" \"Mozilla/5.0 (Windows NT 10.0; Win64; x64; rv:151.0) Gecko/20100101 Firefox/151.0\"","timestamp":"2026-06-03 14:45:55"}
{"level":"info","message":"2001:818:c26e:7f00:fe8f:18ab:d6f5:1b04 - - [03/Jun/2026:13:45:55 +0000] \"GET /api/fun/scratch-cards HTTP/1.1\" 304 - \"-\" \"Mozilla/5.0 (Windows NT 10.0; Win64; x64; rv:151.0) Gecko/20100101 Firefox/151.0\"","timestamp":"2026-06-03 14:45:55"}
{"level":"info","message":"2001:818:c26e:7f00:fe8f:18ab:d6f5:1b04 - - [03/Jun/2026:13:45:57 +0000] \"GET /assets/Roleta-D1c_HSvU.js HTTP/1.1\" 200 8799 \"-\" \"Mozilla/5.0 (Windows NT 10.0; Win64; x64; rv:151.0) Gecko/20100101 Firefox/151.0\"","timestamp":"2026-06-03 14:45:57"}
{"level":"info","message":"2001:818:c26e:7f00:fe8f:18ab:d6f5:1b04 - - [03/Jun/2026:13:45:57 +0000] \"GET /assets/Roleta-CkLnZa4h.css HTTP/1.1\" 200 5796 \"-\" \"Mozilla/5.0 (Windows NT 10.0; Win64; x64; rv:151.0) Gecko/20100101 Firefox/151.0\"","timestamp":"2026-06-03 14:45:57"}
{"level":"info","message":"2001:818:c26e:7f00:fe8f:18ab:d6f5:1b04 - - [03/Jun/2026:13:45:57 +0000] \"GET /api/fun/decision-wheels HTTP/1.1\" 200 2 \"-\" \"Mozilla/5.0 (Windows NT 10.0; Win64; x64; rv:151.0) Gecko/20100101 Firefox/151.0\"","timestamp":"2026-06-03 14:45:57"}
{"level":"info","message":"2001:818:c26e:7f00:fe8f:18ab:d6f5:1b04 - - [03/Jun/2026:13:45:57 +0000] \"GET /api/events HTTP/1.1\" 304 - \"-\" \"Mozilla/5.0 (Windows NT 10.0; Win64; x64; rv:151.0) Gecko/20100101 Firefox/151.0\"","timestamp":"2026-06-03 14:45:57"}
{"level":"info","message":"2001:818:c26e:7f00:fe8f:18ab:d6f5:1b04 - - [03/Jun/2026:13:45:58 +0000] \"GET /api/quizzes HTTP/1.1\" 304 - \"-\" \"Mozilla/5.0 (Windows NT 10.0; Win64; x64; rv:151.0) Gecko/20100101 Firefox/151.0\"","timestamp":"2026-06-03 14:45:58"}
{"level":"info","message":"2001:818:c26e:7f00:fe8f:18ab:d6f5:1b04 - - [03/Jun/2026:13:45:58 +0000] \"GET /api/memories HTTP/1.1\" 304 - \"-\" \"Mozilla/5.0 (Windows NT 10.0; Win64; x64; rv:151.0) Gecko/20100101 Firefox/151.0\"","timestamp":"2026-06-03 14:45:58"}
{"level":"info","message":"2001:818:c26e:7f00:fe8f:18ab:d6f5:1b04 - - [03/Jun/2026:13:45:59 +0000] \"GET /api/albums HTTP/1.1\" 304 - \"-\" \"Mozilla/5.0 (Windows NT 10.0; Win64; x64; rv:151.0) Gecko/20100101 Firefox/151.0\"","timestamp":"2026-06-03 14:45:59"}
{"level":"info","message":"2001:818:c26e:7f00:fe8f:18ab:d6f5:1b04 - - [03/Jun/2026:13:46:06 +0000] \"GET /api/events HTTP/1.1\" 304 - \"-\" \"Mozilla/5.0 (Windows NT 10.0; Win64; x64; rv:151.0) Gecko/20100101 Firefox/151.0\"","timestamp":"2026-06-03 14:46:06"}
{"level":"info","message":"2001:818:c26e:7f00:fe8f:18ab:d6f5:1b04 - - [03/Jun/2026:13:46:06 +0000] \"GET /api/auth/couple-info HTTP/1.1\" 304 - \"-\" \"Mozilla/5.0 (Windows NT 10.0; Win64; x64; rv:151.0) Gecko/20100101 Firefox/151.0\"","timestamp":"2026-06-03 14:46:06"}
{"level":"info","message":"2001:818:c26e:7f00:fe8f:18ab:d6f5:1b04 - - [03/Jun/2026:13:46:35 +0000] \"POST /api/auth/couple-info HTTP/1.1\" 200 245 \"-\" \"Mozilla/5.0 (Windows NT 10.0; Win64; x64; rv:151.0) Gecko/20100101 Firefox/151.0\"","timestamp":"2026-06-03 14:46:35"}
{"level":"info","message":"2001:818:c26e:7f00:fe8f:18ab:d6f5:1b04 - - [03/Jun/2026:13:46:35 +0000] \"GET /api/auth/couple-info HTTP/1.1\" 200 340 \"-\" \"Mozilla/5.0 (Windows NT 10.0; Win64; x64; rv:151.0) Gecko/20100101 Firefox/151.0\"","timestamp":"2026-06-03 14:46:35"}
{"level":"info","message":"2001:818:c26e:7f00:fe8f:18ab:d6f5:1b04 - - [03/Jun/2026:13:46:35 +0000] \"GET /api/auth/couple-info HTTP/1.1\" 304 - \"-\" \"Mozilla/5.0 (Windows NT 10.0; Win64; x64; rv:151.0) Gecko/20100101 Firefox/151.0\"","timestamp":"2026-06-03 14:46:35"}
{"level":"info","message":"2001:818:c26e:7f00:fe8f:18ab:d6f5:1b04 - - [03/Jun/2026:13:47:00 +0000] \"POST /api/auth/mood HTTP/1.1\" 200 105 \"-\" \"Mozilla/5.0 (Windows NT 10.0; Win64; x64; rv:151.0) Gecko/20100101 Firefox/151.0\"","timestamp":"2026-06-03 14:47:00"}
{"level":"info","message":"2001:818:c26e:7f00:fe8f:18ab:d6f5:1b04 - - [03/Jun/2026:13:47:00 +0000] \"GET /api/auth/couple-info HTTP/1.1\" 200 340 \"-\" \"Mozilla/5.0 (Windows NT 10.0; Win64; x64; rv:151.0) Gecko/20100101 Firefox/151.0\"","timestamp":"2026-06-03 14:47:00"}
{"level":"info","message":"2001:818:c26e:7f00:fe8f:18ab:d6f5:1b04 - - [03/Jun/2026:13:47:00 +0000] \"POST /api/auth/mood HTTP/1.1\" 200 101 \"-\" \"Mozilla/5.0 (Windows NT 10.0; Win64; x64; rv:151.0) Gecko/20100101 Firefox/151.0\"","timestamp":"2026-06-03 14:47:00"}
{"level":"info","message":"2001:818:c26e:7f00:fe8f:18ab:d6f5:1b04 - - [03/Jun/2026:13:47:00 +0000] \"GET /api/auth/couple-info HTTP/1.1\" 200 336 \"-\" \"Mozilla/5.0 (Windows NT 10.0; Win64; x64; rv:151.0) Gecko/20100101 Firefox/151.0\"","timestamp":"2026-06-03 14:47:00"}
{"level":"info","message":"2001:818:c26e:7f00:fe8f:18ab:d6f5:1b04 - - [03/Jun/2026:13:47:05 +0000] \"POST /api/auth/mood HTTP/1.1\" 200 105 \"-\" \"Mozilla/5.0 (Windows NT 10.0; Win64; x64; rv:151.0) Gecko/20100101 Firefox/151.0\"","timestamp":"2026-06-03 14:47:05"}
{"level":"info","message":"2001:818:c26e:7f00:fe8f:18ab:d6f5:1b04 - - [03/Jun/2026:13:47:05 +0000] \"GET /api/auth/couple-info HTTP/1.1\" 200 340 \"-\" \"Mozilla/5.0 (Windows NT 10.0; Win64; x64; rv:151.0) Gecko/20100101 Firefox/151.0\"","timestamp":"2026-06-03 14:47:05"}
{"level":"info","message":"2001:818:c26e:7f00:fe8f:18ab:d6f5:1b04 - - [03/Jun/2026:13:47:11 +0000] \"POST /api/auth/mood HTTP/1.1\" 200 101 \"-\" \"Mozilla/5.0 (Windows NT 10.0; Win64; x64; rv:151.0) Gecko/20100101 Firefox/151.0\"","timestamp":"2026-06-03 14:47:11"}
{"level":"info","message":"2001:818:c26e:7f00:fe8f:18ab:d6f5:1b04 - - [03/Jun/2026:13:47:11 +0000] \"GET /api/auth/couple-info HTTP/1.1\" 200 336 \"-\" \"Mozilla/5.0 (Windows NT 10.0; Win64; x64; rv:151.0) Gecko/20100101 Firefox/151.0\"","timestamp":"2026-06-03 14:47:11"}
{"level":"info","message":"2001:818:c26e:7f00:fe8f:18ab:d6f5:1b04 - - [03/Jun/2026:13:47:12 +0000] \"POST /api/auth/mood HTTP/1.1\" 200 105 \"-\" \"Mozilla/5.0 (Windows NT 10.0; Win64; x64; rv:151.0) Gecko/20100101 Firefox/151.0\"","timestamp":"2026-06-03 14:47:12"}
{"level":"info","message":"2001:818:c26e:7f00:fe8f:18ab:d6f5:1b04 - - [03/Jun/2026:13:47:12 +0000] \"GET /api/auth/couple-info HTTP/1.1\" 200 340 \"-\" \"Mozilla/5.0 (Windows NT 10.0; Win64; x64; rv:151.0) Gecko/20100101 Firefox/151.0\"","timestamp":"2026-06-03 14:47:12"}
{"level":"info","message":"2001:818:c26e:7f00:fe8f:18ab:d6f5:1b04 - - [03/Jun/2026:13:47:32 +0000] \"POST /api/auth/mood HTTP/1.1\" 200 105 \"-\" \"Mozilla/5.0 (Windows NT 10.0; Win64; x64; rv:151.0) Gecko/20100101 Firefox/151.0\"","timestamp":"2026-06-03 14:47:32"}
{"level":"info","message":"2001:818:c26e:7f00:fe8f:18ab:d6f5:1b04 - - [03/Jun/2026:13:47:32 +0000] \"GET /api/auth/couple-info HTTP/1.1\" 200 340 \"-\" \"Mozilla/5.0 (Windows NT 10.0; Win64; x64; rv:151.0) Gecko/20100101 Firefox/151.0\"","timestamp":"2026-06-03 14:47:32"}
{"level":"info","message":"2001:818:c26e:7f00:fe8f:18ab:d6f5:1b04 - - [03/Jun/2026:13:47:33 +0000] \"POST /api/auth/mood HTTP/1.1\" 200 101 \"-\" \"Mozilla/5.0 (Windows NT 10.0; Win64; x64; rv:151.0) Gecko/20100101 Firefox/151.0\"","timestamp":"2026-06-03 14:47:33"}
{"level":"info","message":"2001:818:c26e:7f00:fe8f:18ab:d6f5:1b04 - - [03/Jun/2026:13:47:34 +0000] \"GET /api/auth/couple-info HTTP/1.1\" 200 336 \"-\" \"Mozilla/5.0 (Windows NT 10.0; Win64; x64; rv:151.0) Gecko/20100101 Firefox/151.0\"","timestamp":"2026-06-03 14:47:34"}
{"level":"info","message":"2001:818:c26e:7f00:fe8f:18ab:d6f5:1b04 - - [03/Jun/2026:13:47:34 +0000] \"POST /api/auth/mood HTTP/1.1\" 200 105 \"-\" \"Mozilla/5.0 (Windows NT 10.0; Win64; x64; rv:151.0) Gecko/20100101 Firefox/151.0\"","timestamp":"2026-06-03 14:47:34"}
{"level":"info","message":"2001:818:c26e:7f00:fe8f:18ab:d6f5:1b04 - - [03/Jun/2026:13:47:34 +0000] \"GET /api/auth/couple-info HTTP/1.1\" 200 340 \"-\" \"Mozilla/5.0 (Windows NT 10.0; Win64; x64; rv:151.0) Gecko/20100101 Firefox/151.0\"","timestamp":"2026-06-03 14:47:34"}
{"level":"info","message":"2001:818:c26e:7f00:fe8f:18ab:d6f5:1b04 - - [03/Jun/2026:13:47:35 +0000] \"POST /api/auth/mood HTTP/1.1\" 200 105 \"-\" \"Mozilla/5.0 (Windows NT 10.0; Win64; x64; rv:151.0) Gecko/20100101 Firefox/151.0\"","timestamp":"2026-06-03 14:47:35"}
{"level":"info","message":"2001:818:c26e:7f00:fe8f:18ab:d6f5:1b04 - - [03/Jun/2026:13:47:35 +0000] \"GET /api/auth/couple-info HTTP/1.1\" 200 340 \"-\" \"Mozilla/5.0 (Windows NT 10.0; Win64; x64; rv:151.0) Gecko/20100101 Firefox/151.0\"","timestamp":"2026-06-03 14:47:35"}
{"level":"info","message":"2001:818:c26e:7f00:fe8f:18ab:d6f5:1b04 - - [03/Jun/2026:13:47:36 +0000] \"POST /api/auth/mood HTTP/1.1\" 200 105 \"-\" \"Mozilla/5.0 (Windows NT 10.0; Win64; x64; rv:151.0) Gecko/20100101 Firefox/151.0\"","timestamp":"2026-06-03 14:47:36"}
{"level":"info","message":"2001:818:c26e:7f00:fe8f:18ab:d6f5:1b04 - - [03/Jun/2026:13:47:36 +0000] \"GET /api/auth/couple-info HTTP/1.1\" 200 340 \"-\" \"Mozilla/5.0 (Windows NT 10.0; Win64; x64; rv:151.0) Gecko/20100101 Firefox/151.0\"","timestamp":"2026-06-03 14:47:36"}
{"level":"info","message":"2001:818:c26e:7f00:fe8f:18ab:d6f5:1b04 - - [03/Jun/2026:13:47:37 +0000] \"POST /api/auth/mood HTTP/1.1\" 200 105 \"-\" \"Mozilla/5.0 (Windows NT 10.0; Win64; x64; rv:151.0) Gecko/20100101 Firefox/151.0\"","timestamp":"2026-06-03 14:47:37"}
{"level":"info","message":"2001:818:c26e:7f00:fe8f:18ab:d6f5:1b04 - - [03/Jun/2026:13:47:37 +0000] \"GET /api/auth/couple-info HTTP/1.1\" 200 340 \"-\" \"Mozilla/5.0 (Windows NT 10.0; Win64; x64; rv:151.0) Gecko/20100101 Firefox/151.0\"","timestamp":"2026-06-03 14:47:37"}
{"level":"info","message":"2001:818:c26e:7f00:fe8f:18ab:d6f5:1b04 - - [03/Jun/2026:13:47:42 +0000] \"GET /api/albums HTTP/1.1\" 304 - \"-\" \"Mozilla/5.0 (Windows NT 10.0; Win64; x64; rv:151.0) Gecko/20100101 Firefox/151.0\"","timestamp":"2026-06-03 14:47:42"}
{"level":"info","message":"2001:818:c26e:7f00:fe8f:18ab:d6f5:1b04 - - [03/Jun/2026:13:47:47 +0000] \"GET /api/photos?page=1&limit=12 HTTP/1.1\" 304 - \"-\" \"Mozilla/5.0 (Windows NT 10.0; Win64; x64; rv:151.0) Gecko/20100101 Firefox/151.0\"","timestamp":"2026-06-03 14:47:47"}
{"level":"info","message":"2001:818:c26e:7f00:fe8f:18ab:d6f5:1b04 - - [03/Jun/2026:13:47:50 +0000] \"GET /api/memories HTTP/1.1\" 304 - \"-\" \"Mozilla/5.0 (Windows NT 10.0; Win64; x64; rv:151.0) Gecko/20100101 Firefox/151.0\"","timestamp":"2026-06-03 14:47:50"}
{"level":"info","message":"2001:818:c26e:7f00:fe8f:18ab:d6f5:1b04 - - [03/Jun/2026:13:47:52 +0000] \"GET /api/events HTTP/1.1\" 304 - \"-\" \"Mozilla/5.0 (Windows NT 10.0; Win64; x64; rv:151.0) Gecko/20100101 Firefox/151.0\"","timestamp":"2026-06-03 14:47:52"}
{"level":"info","message":"✅ Ligado com sucesso ao MongoDB Atlas!","timestamp":"2026-06-03 18:50:57"}
{"level":"info","message":"::ffff:127.0.0.1 - - [03/Jun/2026:17:50:57 +0000] \"POST /api/auth/register HTTP/1.1\" 201 39 \"-\" \"-\"","timestamp":"2026-06-03 18:50:57"}
{"isOperational":true,"level":"error","message":"POST /api/auth/register - Status: 400 Este utilizador ou email já existe!","stack":"Error: Este utilizador ou email já existe!\n    at exports.register (C:\\Users\\migue\\Desktop\\teste\\backend\\src\\controllers\\auth\\registerController.js:12:13)\n    at processTicksAndRejections (node:internal/process/task_queues:104:5)","statusCode":400,"timestamp":"2026-06-03 18:50:57"}
{"level":"info","message":"::ffff:127.0.0.1 - - [03/Jun/2026:17:50:57 +0000] \"POST /api/auth/register HTTP/1.1\" 400 48 \"-\" \"-\"","timestamp":"2026-06-03 18:50:57"}
{"level":"info","message":"::ffff:127.0.0.1 - - [03/Jun/2026:17:50:57 +0000] \"POST /api/auth/login HTTP/1.1\" 200 353 \"-\" \"-\"","timestamp":"2026-06-03 18:50:57"}
{"isOperational":true,"level":"error","message":"POST /api/auth/login - Status: 400 Password incorreta!","stack":"Error: Password incorreta!\n    at exports.login (C:\\Users\\migue\\Desktop\\teste\\backend\\src\\controllers\\auth\\loginController.js:21:13)\n    at processTicksAndRejections (node:internal/process/task_queues:104:5)","statusCode":400,"timestamp":"2026-06-03 18:50:58"}
{"level":"info","message":"::ffff:127.0.0.1 - - [03/Jun/2026:17:50:58 +0000] \"POST /api/auth/login HTTP/1.1\" 400 31 \"-\" \"-\"","timestamp":"2026-06-03 18:50:58"}
{"level":"info","message":"✅ Ligado com sucesso ao MongoDB Atlas!","timestamp":"2026-06-03 18:52:59"}
{"level":"info","message":"::ffff:127.0.0.1 - - [03/Jun/2026:17:52:59 +0000] \"POST /api/auth/register HTTP/1.1\" 201 39 \"-\" \"-\"","timestamp":"2026-06-03 18:52:59"}
{"isOperational":true,"level":"error","message":"POST /api/auth/register - Status: 400 Este utilizador ou email já existe!","stack":"Error: Este utilizador ou email já existe!\n    at exports.register (C:\\Users\\migue\\Desktop\\teste\\backend\\src\\controllers\\auth\\registerController.js:12:13)\n    at processTicksAndRejections (node:internal/process/task_queues:104:5)","statusCode":400,"timestamp":"2026-06-03 18:53:00"}
{"level":"info","message":"::ffff:127.0.0.1 - - [03/Jun/2026:17:53:00 +0000] \"POST /api/auth/register HTTP/1.1\" 400 48 \"-\" \"-\"","timestamp":"2026-06-03 18:53:00"}
{"level":"info","message":"::ffff:127.0.0.1 - - [03/Jun/2026:17:53:00 +0000] \"POST /api/auth/login HTTP/1.1\" 200 353 \"-\" \"-\"","timestamp":"2026-06-03 18:53:00"}
{"isOperational":true,"level":"error","message":"POST /api/auth/login - Status: 400 Password incorreta!","stack":"Error: Password incorreta!\n    at exports.login (C:\\Users\\migue\\Desktop\\teste\\backend\\src\\controllers\\auth\\loginController.js:21:13)\n    at processTicksAndRejections (node:internal/process/task_queues:104:5)","statusCode":400,"timestamp":"2026-06-03 18:53:00"}
{"level":"info","message":"::ffff:127.0.0.1 - - [03/Jun/2026:17:53:00 +0000] \"POST /api/auth/login HTTP/1.1\" 400 31 \"-\" \"-\"","timestamp":"2026-06-03 18:53:00"}
